Iteration 1
No process supplied - running normal system scan
 [0;34m Performance Metrics [0m 

[0;34m------ CPU Usage and Load ------[0m
--top--
top - 22:43:14 up 10:45,  3 users,  load average: 1.18, 1.95, 0.96
Tasks: 170 total,   1 running, 168 sleeping,   1 stopped,   0 zombie
%Cpu(s):  0.0 us,  2.3 sy,  0.0 ni, 97.7 id,  0.0 wa,  0.0 hi,  0.0 si,  0.0 st 
MiB Mem :   7820.7 total,   6990.8 free,    308.9 used,    621.8 buff/cache     
MiB Swap:   2048.0 total,   2048.0 free,      0.0 used.   7511.8 avail Mem 

--mpstat--
Linux 6.12.47+rpt-rpi-v8 (headlesspi) 	14/12/25 	_aarch64_	(4 CPU)

22:43:14     CPU    %usr   %nice    %sys %iowait    %irq   %soft  %steal  %guest  %gnice   %idle
22:43:14     all    0.48    0.00    0.18    0.93    0.00    0.01    0.00    0.00    0.00   98.40

[0;34m------ RAM and Swap ------[0m
--free--
               total        used        free      shared  buff/cache   available
Mem:           7.6Gi       308Mi       6.8Gi       9.3Mi       621Mi       7.3Gi
Swap:          2.0Gi          0B       2.0Gi

--vmstat--
procs -----------memory---------- ---swap-- -----io---- -system-- -------cpu-------
 r  b   swpd   free   buff  cache   si   so    bi    bo   in   cs us sy id wa st gu
 1  0      0 7158400  67612 569100    0    0    12   464  251    0  0  0 98  1  0  0

[0;34m------Storage / IO speeds------[0m
--df--
Filesystem      Size  Used Avail Use% Mounted on
udev            3.6G     0  3.6G   0% /dev
tmpfs           1.6G  9.3M  1.6G   1% /run
/dev/mmcblk0p2  114G  4.6G  105G   5% /
tmpfs           3.9G     0  3.9G   0% /dev/shm
tmpfs           5.0M   16K  5.0M   1% /run/lock
tmpfs           1.0M     0  1.0M   0% /run/credentials/systemd-journald.service
tmpfs           3.9G     0  3.9G   0% /tmp
/dev/mmcblk0p1  510M   66M  445M  13% /boot/firmware
tmpfs           1.0M     0  1.0M   0% /run/credentials/getty@tty1.service
tmpfs           783M   12K  783M   1% /run/user/1000

--iotop--
Total DISK READ:         0.00 B/s | Total DISK WRITE:         0.00 B/s
Current DISK READ:       0.00 B/s | Current DISK WRITE:       0.00 B/s
Total DISK READ:         0.00 B/s | Total DISK WRITE:         0.00 B/s
Current DISK READ:       0.00 B/s | Current DISK WRITE:       0.00 B/s
Total DISK READ:         0.00 B/s | Total DISK WRITE:         0.00 B/s
Current DISK READ:       0.00 B/s | Current DISK WRITE:       0.00 B/s

--R/W Speeds--
--Write--
128+0 records in
128+0 records out
134217728 bytes (134 MB, 128 MiB) copied, 4.93165 s, 27.2 MB/s
--Read--
128+0 records in
128+0 records out
134217728 bytes (134 MB, 128 MiB) copied, 0.137923 s, 973 MB/s

[0;34m------ Network ------[0m
Netid State  Recv-Q Send-Q               Local Address:Port  Peer Address:Port Process
udp   UNCONN 0      0                          0.0.0.0:51772      0.0.0.0:*           
udp   UNCONN 0      0                          0.0.0.0:5353       0.0.0.0:*           
udp   UNCONN 0      0                                *:44165            *:*           
udp   UNCONN 0      0      [fe80::1dc7:ff5e:6f64:5220]:546              *:*           
udp   UNCONN 0      0                                *:5353             *:*           
udp   UNCONN 0      0                                *:30000            *:*           
tcp   LISTEN 0      200                      127.0.0.1:30000      0.0.0.0:*           
tcp   LISTEN 0      1024                     127.0.0.1:11211      0.0.0.0:*           
tcp   LISTEN 0      128                        0.0.0.0:22         0.0.0.0:*           
tcp   ESTAB  0      0                     192.168.1.64:22    192.168.1.94:54839       
tcp   ESTAB  0      0                     192.168.1.64:22    192.168.1.94:55833       
tcp   LISTEN 0      1024                         [::1]:11211         [::]:*           
tcp   LISTEN 0      128                           [::]:22            [::]:*           

Kernel Interface table
Iface             MTU    RX-OK RX-ERR RX-DRP RX-OVR    TX-OK TX-ERR TX-DRP TX-OVR Flg
eth0             1500        0      0      0 0             0      0      0      0 BMU
lo              65536       97      0      0 0            97      0      0      0 LRU
wlan0            1500    93118      0     10 0         46731      0      0      0 BMRU

[0;34m------ System ------[0m
-- Temperature --
temp=59.4'C
-- Throttled Status --
throttled=0x0

 [0;32mMetrics collection complete [0m
Iteration 2
No process supplied - running normal system scan
 [0;34m Performance Metrics [0m 

[0;34m------ CPU Usage and Load ------[0m
--top--
top - 22:44:23 up 10:46,  3 users,  load average: 4.99, 3.01, 1.40
Tasks: 173 total,   1 running, 171 sleeping,   1 stopped,   0 zombie
%Cpu(s): 88.6 us,  4.5 sy,  0.0 ni,  6.8 id,  0.0 wa,  0.0 hi,  0.0 si,  0.0 st 
MiB Mem :   7820.7 total,   6700.4 free,    597.7 used,    623.5 buff/cache     
MiB Swap:   2048.0 total,   2048.0 free,      0.0 used.   7223.0 avail Mem 

--mpstat--
Linux 6.12.47+rpt-rpi-v8 (headlesspi) 	14/12/25 	_aarch64_	(4 CPU)

22:44:23     CPU    %usr   %nice    %sys %iowait    %irq   %soft  %steal  %guest  %gnice   %idle
22:44:23     all    0.62    0.00    0.18    0.93    0.00    0.01    0.00    0.00    0.00   98.26

[0;34m------ RAM and Swap ------[0m
--free--
               total        used        free      shared  buff/cache   available
Mem:           7.6Gi       597Mi       6.5Gi       9.3Mi       623Mi       7.1Gi
Swap:          2.0Gi          0B       2.0Gi

--vmstat--
procs -----------memory---------- ---swap-- -----io---- -system-- -------cpu-------
 r  b   swpd   free   buff  cache   si   so    bi    bo   in   cs us sy id wa st gu
 6  0      0 6861180  67652 570788    0    0    12   466  254    0  1  0 98  1  0  0

[0;34m------Storage / IO speeds------[0m
--df--
Filesystem      Size  Used Avail Use% Mounted on
udev            3.6G     0  3.6G   0% /dev
tmpfs           1.6G  9.3M  1.6G   1% /run
/dev/mmcblk0p2  114G  4.6G  105G   5% /
tmpfs           3.9G     0  3.9G   0% /dev/shm
tmpfs           5.0M   16K  5.0M   1% /run/lock
tmpfs           1.0M     0  1.0M   0% /run/credentials/systemd-journald.service
tmpfs           3.9G     0  3.9G   0% /tmp
/dev/mmcblk0p1  510M   66M  445M  13% /boot/firmware
tmpfs           1.0M     0  1.0M   0% /run/credentials/getty@tty1.service
tmpfs           783M   12K  783M   1% /run/user/1000

--iotop--
Total DISK READ:         0.00 B/s | Total DISK WRITE:         0.00 B/s
Current DISK READ:       0.00 B/s | Current DISK WRITE:       0.00 B/s
Total DISK READ:         0.00 B/s | Total DISK WRITE:         0.00 B/s
Current DISK READ:       0.00 B/s | Current DISK WRITE:       0.00 B/s
Total DISK READ:         0.00 B/s | Total DISK WRITE:         0.00 B/s
Current DISK READ:       0.00 B/s | Current DISK WRITE:       0.00 B/s

--R/W Speeds--
--Write--
128+0 records in
128+0 records out
134217728 bytes (134 MB, 128 MiB) copied, 11.0753 s, 12.1 MB/s
--Read--
128+0 records in
128+0 records out
134217728 bytes (134 MB, 128 MiB) copied, 0.128608 s, 1.0 GB/s

[0;34m------ Network ------[0m
Netid State  Recv-Q Send-Q               Local Address:Port  Peer Address:Port Process
udp   UNCONN 0      0                          0.0.0.0:51772      0.0.0.0:*           
udp   UNCONN 0      0                          0.0.0.0:5353       0.0.0.0:*           
udp   UNCONN 0      0                                *:44165            *:*           
udp   UNCONN 0      0      [fe80::1dc7:ff5e:6f64:5220]:546              *:*           
udp   UNCONN 0      0                                *:5353             *:*           
udp   UNCONN 0      0                                *:30000            *:*           
tcp   LISTEN 0      200                      127.0.0.1:30000      0.0.0.0:*           
tcp   LISTEN 0      1024                     127.0.0.1:11211      0.0.0.0:*           
tcp   LISTEN 0      128                        0.0.0.0:22         0.0.0.0:*           
tcp   ESTAB  0      0                     192.168.1.64:22    192.168.1.94:55924       
tcp   ESTAB  0      0                     192.168.1.64:22    192.168.1.94:54839       
tcp   LISTEN 0      1024                         [::1]:11211         [::]:*           
tcp   LISTEN 0      128                           [::]:22            [::]:*           

Kernel Interface table
Iface             MTU    RX-OK RX-ERR RX-DRP RX-OVR    TX-OK TX-ERR TX-DRP TX-OVR Flg
eth0             1500        0      0      0 0             0      0      0      0 BMU
lo              65536       97      0      0 0            97      0      0      0 LRU
wlan0            1500    93408      0     10 0         46952      0      0      0 BMRU

[0;34m------ System ------[0m
-- Temperature --
temp=72.0'C
-- Throttled Status --
throttled=0x0

 [0;32mMetrics collection complete [0m
Iteration 3
No process supplied - running normal system scan
 [0;34m Performance Metrics [0m 

[0;34m------ CPU Usage and Load ------[0m
--top--
top - 22:45:38 up 10:47,  3 users,  load average: 5.55, 3.71, 1.78
Tasks: 174 total,   1 running, 172 sleeping,   1 stopped,   0 zombie
%Cpu(s): 72.7 us,  4.5 sy,  0.0 ni, 22.7 id,  0.0 wa,  0.0 hi,  0.0 si,  0.0 st 
MiB Mem :   7820.7 total,   6702.2 free,    594.1 used,    625.3 buff/cache     
MiB Swap:   2048.0 total,   2048.0 free,      0.0 used.   7226.7 avail Mem 

--mpstat--
Linux 6.12.47+rpt-rpi-v8 (headlesspi) 	14/12/25 	_aarch64_	(4 CPU)

22:45:38     CPU    %usr   %nice    %sys %iowait    %irq   %soft  %steal  %guest  %gnice   %idle
22:45:38     all    0.77    0.00    0.19    0.93    0.00    0.01    0.00    0.00    0.00   98.10

[0;34m------ RAM and Swap ------[0m
--free--
               total        used        free      shared  buff/cache   available
Mem:           7.6Gi       594Mi       6.5Gi       9.3Mi       625Mi       7.1Gi
Swap:          2.0Gi          0B       2.0Gi

--vmstat--
procs -----------memory---------- ---swap-- -----io---- -system-- -------cpu-------
 r  b   swpd   free   buff  cache   si   so    bi    bo   in   cs us sy id wa st gu
 6  0      0 6862888  67732 572612    0    0    12   469  257    0  1  0 98  1  0  0

[0;34m------Storage / IO speeds------[0m
--df--
Filesystem      Size  Used Avail Use% Mounted on
udev            3.6G     0  3.6G   0% /dev
tmpfs           1.6G  9.3M  1.6G   1% /run
/dev/mmcblk0p2  114G  4.6G  105G   5% /
tmpfs           3.9G     0  3.9G   0% /dev/shm
tmpfs           5.0M   16K  5.0M   1% /run/lock
tmpfs           1.0M     0  1.0M   0% /run/credentials/systemd-journald.service
tmpfs           3.9G     0  3.9G   0% /tmp
/dev/mmcblk0p1  510M   66M  445M  13% /boot/firmware
tmpfs           1.0M     0  1.0M   0% /run/credentials/getty@tty1.service
tmpfs           783M   12K  783M   1% /run/user/1000

--iotop--
Total DISK READ:         0.00 B/s | Total DISK WRITE:         0.00 B/s
Current DISK READ:       0.00 B/s | Current DISK WRITE:       0.00 B/s
Total DISK READ:         0.00 B/s | Total DISK WRITE:         0.00 B/s
Current DISK READ:       0.00 B/s | Current DISK WRITE:       0.00 B/s
Total DISK READ:         0.00 B/s | Total DISK WRITE:         7.84 K/s
Current DISK READ:       0.00 B/s | Current DISK WRITE:      54.85 K/s

--R/W Speeds--
--Write--
128+0 records in
128+0 records out
134217728 bytes (134 MB, 128 MiB) copied, 7.111 s, 18.9 MB/s
--Read--
128+0 records in
128+0 records out
134217728 bytes (134 MB, 128 MiB) copied, 0.119068 s, 1.1 GB/s

[0;34m------ Network ------[0m
Netid State  Recv-Q Send-Q               Local Address:Port  Peer Address:Port Process
udp   UNCONN 0      0                          0.0.0.0:51772      0.0.0.0:*           
udp   UNCONN 0      0                          0.0.0.0:5353       0.0.0.0:*           
udp   UNCONN 0      0                                *:44165            *:*           
udp   UNCONN 0      0      [fe80::1dc7:ff5e:6f64:5220]:546              *:*           
udp   UNCONN 0      0                                *:5353             *:*           
udp   UNCONN 0      0                                *:30000            *:*           
tcp   LISTEN 0      200                      127.0.0.1:30000      0.0.0.0:*           
tcp   LISTEN 0      1024                     127.0.0.1:11211      0.0.0.0:*           
tcp   LISTEN 0      128                        0.0.0.0:22         0.0.0.0:*           
tcp   ESTAB  0      0                     192.168.1.64:22    192.168.1.94:56015       
tcp   ESTAB  0      0                     192.168.1.64:22    192.168.1.94:54839       
tcp   LISTEN 0      1024                         [::1]:11211         [::]:*           
tcp   LISTEN 0      128                           [::]:22            [::]:*           

Kernel Interface table
Iface             MTU    RX-OK RX-ERR RX-DRP RX-OVR    TX-OK TX-ERR TX-DRP TX-OVR Flg
eth0             1500        0      0      0 0             0      0      0      0 BMU
lo              65536       97      0      0 0            97      0      0      0 LRU
wlan0            1500    93674      0     10 0         47166      0      0      0 BMRU

[0;34m------ System ------[0m
-- Temperature --
temp=64.2'C
-- Throttled Status --
throttled=0x0

 [0;32mMetrics collection complete [0m
Iteration 4
No process supplied - running normal system scan
 [0;34m Performance Metrics [0m 

[0;34m------ CPU Usage and Load ------[0m
--top--
top - 22:46:50 up 10:48,  3 users,  load average: 5.33, 3.95, 2.01
Tasks: 176 total,   1 running, 174 sleeping,   1 stopped,   0 zombie
%Cpu(s): 80.4 us,  0.0 sy,  0.0 ni, 19.6 id,  0.0 wa,  0.0 hi,  0.0 si,  0.0 st 
MiB Mem :   7820.7 total,   6696.7 free,    602.0 used,    623.0 buff/cache     
MiB Swap:   2048.0 total,   2048.0 free,      0.0 used.   7218.7 avail Mem 

--mpstat--
Linux 6.12.47+rpt-rpi-v8 (headlesspi) 	14/12/25 	_aarch64_	(4 CPU)

22:46:50     CPU    %usr   %nice    %sys %iowait    %irq   %soft  %steal  %guest  %gnice   %idle
22:46:50     all    0.86    0.00    0.19    0.93    0.00    0.01    0.00    0.00    0.00   98.01

[0;34m------ RAM and Swap ------[0m
--free--
               total        used        free      shared  buff/cache   available
Mem:           7.6Gi       602Mi       6.5Gi       9.3Mi       622Mi       7.0Gi
Swap:          2.0Gi          0B       2.0Gi

--vmstat--
procs -----------memory---------- ---swap-- -----io---- -system-- -------cpu-------
 r  b   swpd   free   buff  cache   si   so    bi    bo   in   cs us sy id wa st gu
 6  0      0 6857380  67760 570148    0    0    12   471  259    0  1  0 98  1  0  0

[0;34m------Storage / IO speeds------[0m
--df--
Filesystem      Size  Used Avail Use% Mounted on
udev            3.6G     0  3.6G   0% /dev
tmpfs           1.6G  9.3M  1.6G   1% /run
/dev/mmcblk0p2  114G  4.6G  105G   5% /
tmpfs           3.9G     0  3.9G   0% /dev/shm
tmpfs           5.0M   16K  5.0M   1% /run/lock
tmpfs           1.0M     0  1.0M   0% /run/credentials/systemd-journald.service
tmpfs           3.9G     0  3.9G   0% /tmp
/dev/mmcblk0p1  510M   66M  445M  13% /boot/firmware
tmpfs           1.0M     0  1.0M   0% /run/credentials/getty@tty1.service
tmpfs           783M   12K  783M   1% /run/user/1000

--iotop--
Total DISK READ:         0.00 B/s | Total DISK WRITE:         0.00 B/s
Current DISK READ:       0.00 B/s | Current DISK WRITE:       0.00 B/s
Total DISK READ:         0.00 B/s | Total DISK WRITE:         0.00 B/s
Current DISK READ:       0.00 B/s | Current DISK WRITE:       0.00 B/s
Total DISK READ:         0.00 B/s | Total DISK WRITE:         0.00 B/s
Current DISK READ:       0.00 B/s | Current DISK WRITE:       0.00 B/s

--R/W Speeds--
--Write--
128+0 records in
128+0 records out
134217728 bytes (134 MB, 128 MiB) copied, 10.0727 s, 13.3 MB/s
--Read--
128+0 records in
128+0 records out
134217728 bytes (134 MB, 128 MiB) copied, 0.130528 s, 1.0 GB/s

[0;34m------ Network ------[0m
Netid State  Recv-Q Send-Q               Local Address:Port  Peer Address:Port Process
udp   UNCONN 0      0                          0.0.0.0:51772      0.0.0.0:*           
udp   UNCONN 0      0                          0.0.0.0:5353       0.0.0.0:*           
udp   UNCONN 0      0                                *:44165            *:*           
udp   UNCONN 0      0      [fe80::1dc7:ff5e:6f64:5220]:546              *:*           
udp   UNCONN 0      0                                *:5353             *:*           
udp   UNCONN 0      0                                *:30000            *:*           
tcp   LISTEN 0      200                      127.0.0.1:30000      0.0.0.0:*           
tcp   LISTEN 0      1024                     127.0.0.1:11211      0.0.0.0:*           
tcp   LISTEN 0      128                        0.0.0.0:22         0.0.0.0:*           
tcp   ESTAB  0      68                    192.168.1.64:22    192.168.1.94:56095       
tcp   ESTAB  0      0                     192.168.1.64:22    192.168.1.94:54839       
tcp   LISTEN 0      1024                         [::1]:11211         [::]:*           
tcp   LISTEN 0      128                           [::]:22            [::]:*           

Kernel Interface table
Iface             MTU    RX-OK RX-ERR RX-DRP RX-OVR    TX-OK TX-ERR TX-DRP TX-OVR Flg
eth0             1500        0      0      0 0             0      0      0      0 BMU
lo              65536       97      0      0 0            97      0      0      0 LRU
wlan0            1500    94144      0     10 0         47568      0      0      0 BMRU

[0;34m------ System ------[0m
-- Temperature --
temp=75.4'C
-- Throttled Status --
throttled=0x0

 [0;32mMetrics collection complete [0m
Iteration 5
No process supplied - running normal system scan
 [0;34m Performance Metrics [0m 

[0;34m------ CPU Usage and Load ------[0m
--top--
top - 22:48:04 up 10:49,  3 users,  load average: 6.87, 4.71, 2.43
Tasks: 176 total,   1 running, 174 sleeping,   1 stopped,   0 zombie
%Cpu(s): 85.1 us,  2.1 sy,  0.0 ni, 12.8 id,  0.0 wa,  0.0 hi,  0.0 si,  0.0 st 
MiB Mem :   7820.7 total,   6701.0 free,    595.9 used,    624.8 buff/cache     
MiB Swap:   2048.0 total,   2048.0 free,      0.0 used.   7224.8 avail Mem 

--mpstat--
Linux 6.12.47+rpt-rpi-v8 (headlesspi) 	14/12/25 	_aarch64_	(4 CPU)

22:48:04     CPU    %usr   %nice    %sys %iowait    %irq   %soft  %steal  %guest  %gnice   %idle
22:48:04     all    1.01    0.00    0.19    0.93    0.00    0.01    0.00    0.00    0.00   97.86

[0;34m------ RAM and Swap ------[0m
--free--
               total        used        free      shared  buff/cache   available
Mem:           7.6Gi       595Mi       6.5Gi       9.3Mi       624Mi       7.1Gi
Swap:          2.0Gi          0B       2.0Gi

--vmstat--
procs -----------memory---------- ---swap-- -----io---- -system-- -------cpu-------
 r  b   swpd   free   buff  cache   si   so    bi    bo   in   cs us sy id wa st gu
 7  0      0 6861764  67828 571992    0    0    12   474  262    0  1  0 98  1  0  0

[0;34m------Storage / IO speeds------[0m
--df--
Filesystem      Size  Used Avail Use% Mounted on
udev            3.6G     0  3.6G   0% /dev
tmpfs           1.6G  9.3M  1.6G   1% /run
/dev/mmcblk0p2  114G  4.6G  105G   5% /
tmpfs           3.9G     0  3.9G   0% /dev/shm
tmpfs           5.0M   16K  5.0M   1% /run/lock
tmpfs           1.0M     0  1.0M   0% /run/credentials/systemd-journald.service
tmpfs           3.9G     0  3.9G   0% /tmp
/dev/mmcblk0p1  510M   66M  445M  13% /boot/firmware
tmpfs           1.0M     0  1.0M   0% /run/credentials/getty@tty1.service
tmpfs           783M   12K  783M   1% /run/user/1000

--iotop--
Total DISK READ:         0.00 B/s | Total DISK WRITE:         0.00 B/s
Current DISK READ:       0.00 B/s | Current DISK WRITE:       0.00 B/s
Total DISK READ:         0.00 B/s | Total DISK WRITE:         0.00 B/s
Current DISK READ:       0.00 B/s | Current DISK WRITE:       0.00 B/s
Total DISK READ:         0.00 B/s | Total DISK WRITE:         0.00 B/s
Current DISK READ:       0.00 B/s | Current DISK WRITE:       0.00 B/s

--R/W Speeds--
--Write--
128+0 records in
128+0 records out
134217728 bytes (134 MB, 128 MiB) copied, 9.45094 s, 14.2 MB/s
--Read--
128+0 records in
128+0 records out
134217728 bytes (134 MB, 128 MiB) copied, 0.139909 s, 959 MB/s

[0;34m------ Network ------[0m
Netid State  Recv-Q Send-Q               Local Address:Port  Peer Address:Port Process
udp   UNCONN 0      0                          0.0.0.0:51772      0.0.0.0:*           
udp   UNCONN 0      0                          0.0.0.0:5353       0.0.0.0:*           
udp   UNCONN 0      0                                *:44165            *:*           
udp   UNCONN 0      0      [fe80::1dc7:ff5e:6f64:5220]:546              *:*           
udp   UNCONN 0      0                                *:5353             *:*           
udp   UNCONN 0      0                                *:30000            *:*           
tcp   LISTEN 0      200                      127.0.0.1:30000      0.0.0.0:*           
tcp   LISTEN 0      1024                     127.0.0.1:11211      0.0.0.0:*           
tcp   LISTEN 0      128                        0.0.0.0:22         0.0.0.0:*           
tcp   ESTAB  0      0                     192.168.1.64:22    192.168.1.94:54839       
tcp   ESTAB  0      0                     192.168.1.64:22    192.168.1.94:56178       
tcp   LISTEN 0      1024                         [::1]:11211         [::]:*           
tcp   LISTEN 0      128                           [::]:22            [::]:*           

Kernel Interface table
Iface             MTU    RX-OK RX-ERR RX-DRP RX-OVR    TX-OK TX-ERR TX-DRP TX-OVR Flg
eth0             1500        0      0      0 0             0      0      0      0 BMU
lo              65536       97      0      0 0            97      0      0      0 LRU
wlan0            1500    94428      0     10 0         47779      0      0      0 BMRU

[0;34m------ System ------[0m
-- Temperature --
temp=76.9'C
-- Throttled Status --
throttled=0x0

 [0;32mMetrics collection complete [0m
